../Core/Src/main.c:217:17:App_GetTick	4	static
../Core/Src/main.c:232:9:USART_kbhit	4	static
../Core/Src/main.c:240:9:USART_getchar	16	static
../Core/Src/main.c:252:6:USART_fsend	328	static,ignoring_inline_asm
../Core/Src/main.c:282:6:HAL_UART_TxCpltCallback	24	static
../Core/Src/main.c:294:6:HAL_UART_RxCpltCallback	24	static
../Core/Src/main.c:308:19:I2C_Transmit_IT	24	static
../Core/Src/main.c:348:19:I2C_Receive_IT	24	static
../Core/Src/main.c:374:9:I2C_Scan_FirstAddress	24	static
../Core/Src/main.c:404:9:hex2byte	24	static
../Core/Src/main.c:415:9:crc8	24	static
../Core/Src/main.c:430:6:byte2hex	16	static
../Core/Src/main.c:437:9:is_digits_only	24	static
../Core/Src/main.c:446:16:is_addr_char_valid	16	static
../Core/Src/main.c:451:6:send_response_frame	624	static
../Core/Src/main.c:522:9:BH1750_IsTimingReady	16	static
../Core/Src/main.c:540:6:BH1750_StartTiming	16	static
../Core/Src/main.c:549:6:BH1750_Init_Process	16	static
../Core/Src/main.c:621:19:BH1750_SetMode	24	static
../Core/Src/main.c:647:6:Measurement_AddEntry	24	static
../Core/Src/main.c:665:6:Measurement_FillTestData	16	static
../Core/Src/main.c:685:10:Measurement_GetCount	4	static
../Core/Src/main.c:694:22:Measurement_GetEntry	24	static
../Core/Src/main.c:718:19:BH1750_ReadLight	24	static
../Core/Src/main.c:743:6:Measurement_SetInterval	16	static
../Core/Src/main.c:751:6:Measurement_EnableAutoRead	16	static
../Core/Src/main.c:761:6:Measurement_AutoRead_Process	16	static
../Core/Src/main.c:795:6:handle_command	384	static
../Core/Src/main.c:1007:6:validate_frame	584	static
../Core/Src/main.c:1129:6:process_uart_buffer	16	static
../Core/Src/main.c:1174:5:main	8	static
../Core/Src/main.c:1238:6:SystemClock_Config	88	static
../Core/Src/main.c:1293:13:MX_I2C1_Init	8	static
../Core/Src/main.c:1327:13:MX_TIM2_Init	32	static
../Core/Src/main.c:1372:13:MX_USART2_UART_Init	8	static
../Core/Src/main.c:1405:13:MX_GPIO_Init	48	static
../Core/Src/main.c:1441:6:HAL_TIM_PeriodElapsedCallback	16	static
../Core/Src/main.c:1448:6:HAL_I2C_MasterTxCpltCallback	16	static
../Core/Src/main.c:1455:6:HAL_I2C_MasterRxCpltCallback	24	static
../Core/Src/main.c:1476:6:HAL_I2C_ErrorCallback	16	static
../Core/Src/main.c:1511:6:I2C_BusRecovery_Process	32	static
../Core/Src/main.c:1633:6:Error_Handler	4	static,ignoring_inline_asm
