../Core/Src/main.c:191:17:App_GetTick	4	static
../Core/Src/main.c:206:9:USART_kbhit	4	static
../Core/Src/main.c:214:9:USART_getchar	16	static
../Core/Src/main.c:226:6:USART_fsend	328	static,ignoring_inline_asm
../Core/Src/main.c:256:6:HAL_UART_TxCpltCallback	24	static
../Core/Src/main.c:268:6:HAL_UART_RxCpltCallback	24	static
../Core/Src/main.c:282:19:I2C_Transmit_IT	24	static
../Core/Src/main.c:322:19:I2C_Receive_IT	24	static
../Core/Src/main.c:348:9:I2C_Scan_FirstAddress	24	static
../Core/Src/main.c:378:9:hex2byte	24	static
../Core/Src/main.c:389:9:crc8	24	static
../Core/Src/main.c:404:6:byte2hex	16	static
../Core/Src/main.c:411:9:is_digits_only	24	static
../Core/Src/main.c:420:16:is_addr_char_valid	16	static
../Core/Src/main.c:425:6:send_response_frame	624	static
../Core/Src/main.c:496:9:BH1750_IsTimingReady	16	static
../Core/Src/main.c:514:6:BH1750_StartTiming	16	static
../Core/Src/main.c:523:6:BH1750_Init_Process	16	static
../Core/Src/main.c:595:19:BH1750_SetMode	24	static
../Core/Src/main.c:621:6:Measurement_AddEntry	24	static
../Core/Src/main.c:639:6:Measurement_FillTestData	16	static
../Core/Src/main.c:659:10:Measurement_GetCount	4	static
../Core/Src/main.c:668:22:Measurement_GetEntry	24	static
../Core/Src/main.c:692:19:BH1750_ReadLight	24	static
../Core/Src/main.c:717:6:Measurement_SetInterval	16	static
../Core/Src/main.c:725:6:Measurement_EnableAutoRead	16	static
../Core/Src/main.c:735:6:Measurement_AutoRead_Process	16	static
../Core/Src/main.c:769:6:handle_command	384	static
../Core/Src/main.c:981:6:validate_frame	584	static
../Core/Src/main.c:1104:6:process_uart_buffer	16	static
../Core/Src/main.c:1149:5:main	8	static
../Core/Src/main.c:1212:6:SystemClock_Config	88	static
../Core/Src/main.c:1267:13:MX_I2C1_Init	8	static
../Core/Src/main.c:1301:13:MX_TIM3_Init	32	static
../Core/Src/main.c:1346:13:MX_USART2_UART_Init	8	static
../Core/Src/main.c:1379:13:MX_GPIO_Init	48	static
../Core/Src/main.c:1415:6:HAL_TIM_PeriodElapsedCallback	16	static
../Core/Src/main.c:1422:6:HAL_I2C_MasterTxCpltCallback	16	static
../Core/Src/main.c:1429:6:HAL_I2C_MasterRxCpltCallback	32	static
../Core/Src/main.c:1456:6:HAL_I2C_ErrorCallback	16	static
../Core/Src/main.c:1469:6:Error_Handler	4	static,ignoring_inline_asm
