../Core/Src/main.c:213:9:USART_kbhit	4	static
../Core/Src/main.c:221:9:USART_getchar	16	static
../Core/Src/main.c:233:9:USART_getline	24	static
../Core/Src/main.c:258:6:USART_fsend	328	static,ignoring_inline_asm
../Core/Src/main.c:288:6:HAL_UART_TxCpltCallback	24	static
../Core/Src/main.c:300:6:HAL_UART_RxCpltCallback	24	static
../Core/Src/main.c:326:6:USART2_Init	8	static
../Core/Src/main.c:343:19:I2C_Transmit_IT	24	static
../Core/Src/main.c:383:19:I2C_Receive_IT	24	static
../Core/Src/main.c:409:9:I2C_Scan_FirstAddress	24	static
../Core/Src/main.c:442:9:hex2byte	24	static
../Core/Src/main.c:452:9:crc8	24	static
../Core/Src/main.c:467:6:byte2hex	16	static
../Core/Src/main.c:474:9:is_digits_only	24	static
../Core/Src/main.c:483:16:is_addr_char_valid	16	static
../Core/Src/main.c:487:16:is_data_char_valid	16	static
../Core/Src/main.c:492:6:send_response_frame	624	static
../Core/Src/main.c:563:9:BH1750_IsTimingReady	16	static
../Core/Src/main.c:581:6:BH1750_StartTiming	16	static
../Core/Src/main.c:590:6:BH1750_Init_Process	16	static
../Core/Src/main.c:668:19:BH1750_SetMode	24	static
../Core/Src/main.c:694:6:Measurement_AddEntry	24	static
../Core/Src/main.c:712:6:Measurement_FillTestData	16	static
../Core/Src/main.c:726:10:Measurement_GetCount	4	static
../Core/Src/main.c:735:22:Measurement_GetEntry	24	static
../Core/Src/main.c:759:19:BH1750_ReadLight	24	static
../Core/Src/main.c:784:6:Measurement_SetInterval	16	static
../Core/Src/main.c:792:6:Measurement_EnableAutoRead	16	static
../Core/Src/main.c:802:6:Measurement_AutoRead_Process	16	static
../Core/Src/main.c:836:6:handle_command	384	static
../Core/Src/main.c:1048:6:validate_frame	592	static
../Core/Src/main.c:1178:6:reset_frame	4	static
../Core/Src/main.c:1185:6:process_uart_buffer	16	static
../Core/Src/main.c:1234:5:main	8	static
../Core/Src/main.c:1303:6:SystemClock_Config	88	static
../Core/Src/main.c:1358:13:MX_I2C1_Init	8	static
../Core/Src/main.c:1392:13:MX_USART2_UART_Init	8	static
../Core/Src/main.c:1425:13:MX_GPIO_Init	48	static
../Core/Src/main.c:1462:6:HAL_I2C_MasterTxCpltCallback	16	static
../Core/Src/main.c:1469:6:HAL_I2C_MasterRxCpltCallback	24	static
../Core/Src/main.c:1490:6:HAL_I2C_ErrorCallback	16	static
../Core/Src/main.c:1498:6:I2C_BusRecovery_Process	40	static
../Core/Src/main.c:1550:6:Error_Handler	4	static,ignoring_inline_asm
