../Core/Src/main.c:102:9:USART_kbhit	4	static
../Core/Src/main.c:110:9:USART_getchar	16	static
../Core/Src/main.c:122:9:USART_getline	24	static
../Core/Src/main.c:147:6:USART_fsend	152	static,ignoring_inline_asm
../Core/Src/main.c:177:6:HAL_UART_TxCpltCallback	24	static
../Core/Src/main.c:189:6:HAL_UART_RxCpltCallback	16	static
../Core/Src/main.c:210:6:USART2_Init	8	static
../Core/Src/main.c:227:9:hex2byte	24	static
../Core/Src/main.c:237:9:crc8	24	static
../Core/Src/main.c:252:6:byte2hex	16	static
../Core/Src/main.c:259:9:is_digits_only	24	static
../Core/Src/main.c:269:6:send_response_frame	952	static
../Core/Src/main.c:329:6:handle_command	312	static
../Core/Src/main.c:356:6:validate_frame	632	static
../Core/Src/main.c:473:6:reset_frame	4	static
../Core/Src/main.c:482:6:process_uart_buffer	16	static
../Core/Src/main.c:531:5:main	8	static
../Core/Src/main.c:591:6:SystemClock_Config	88	static
../Core/Src/main.c:636:13:MX_USART2_UART_Init	8	static
../Core/Src/main.c:667:13:MX_GPIO_Init	48	static
../Core/Src/main.c:708:6:Error_Handler	4	static,ignoring_inline_asm
